------------------------------------------------------------
TimeQuest Timing Analyzer Summary
------------------------------------------------------------

Type  : Slow 1100mV 85C Model Setup 'CLOCK_50'
Slack : -8.280
TNS   : -552.224

Type  : Slow 1100mV 85C Model Setup 'kbdex_ctrl:kbdex_ctrl_inst|ps2_iobase:ps2_ctrl|sigtrigger'
Slack : -3.778
TNS   : -48.655

Type  : Slow 1100mV 85C Model Setup 'kbdex_ctrl:kbdex_ctrl_inst|sigsend'
Slack : -3.320
TNS   : -3.320

Type  : Slow 1100mV 85C Model Setup 'kbdex_ctrl:kbdex_ctrl_inst|key0code[0]'
Slack : -0.928
TNS   : -1.854

Type  : Slow 1100mV 85C Model Hold 'CLOCK_50'
Slack : 0.065
TNS   : 0.000

Type  : Slow 1100mV 85C Model Hold 'kbdex_ctrl:kbdex_ctrl_inst|ps2_iobase:ps2_ctrl|sigtrigger'
Slack : 0.348
TNS   : 0.000

Type  : Slow 1100mV 85C Model Hold 'kbdex_ctrl:kbdex_ctrl_inst|key0code[0]'
Slack : 0.876
TNS   : 0.000

Type  : Slow 1100mV 85C Model Hold 'kbdex_ctrl:kbdex_ctrl_inst|sigsend'
Slack : 2.699
TNS   : 0.000

Type  : Slow 1100mV 85C Model Recovery 'CLOCK_50'
Slack : -5.503
TNS   : -279.302

Type  : Slow 1100mV 85C Model Recovery 'kbdex_ctrl:kbdex_ctrl_inst|sigsend'
Slack : -5.280
TNS   : -10.560

Type  : Slow 1100mV 85C Model Recovery 'kbdex_ctrl:kbdex_ctrl_inst|ps2_iobase:ps2_ctrl|sigtrigger'
Slack : -3.724
TNS   : -50.805

Type  : Slow 1100mV 85C Model Recovery 'kbdex_ctrl:kbdex_ctrl_inst|ps2_iobase:ps2_ctrl|parchecked'
Slack : -3.418
TNS   : -3.418

Type  : Slow 1100mV 85C Model Removal 'CLOCK_50'
Slack : 0.510
TNS   : 0.000

Type  : Slow 1100mV 85C Model Removal 'kbdex_ctrl:kbdex_ctrl_inst|ps2_iobase:ps2_ctrl|sigtrigger'
Slack : 0.566
TNS   : 0.000

Type  : Slow 1100mV 85C Model Removal 'kbdex_ctrl:kbdex_ctrl_inst|ps2_iobase:ps2_ctrl|parchecked'
Slack : 2.688
TNS   : 0.000

Type  : Slow 1100mV 85C Model Removal 'kbdex_ctrl:kbdex_ctrl_inst|sigsend'
Slack : 3.928
TNS   : 0.000

Type  : Slow 1100mV 85C Model Minimum Pulse Width 'CLOCK_50'
Slack : -0.492
TNS   : -83.599

Type  : Slow 1100mV 85C Model Minimum Pulse Width 'kbdex_ctrl:kbdex_ctrl_inst|ps2_iobase:ps2_ctrl|sigtrigger'
Slack : -0.394
TNS   : -14.387

Type  : Slow 1100mV 85C Model Minimum Pulse Width 'kbdex_ctrl:kbdex_ctrl_inst|key0code[0]'
Slack : -0.394
TNS   : -1.031

Type  : Slow 1100mV 85C Model Minimum Pulse Width 'kbdex_ctrl:kbdex_ctrl_inst|sigsend'
Slack : -0.394
TNS   : -1.018

Type  : Slow 1100mV 85C Model Minimum Pulse Width 'kbdex_ctrl:kbdex_ctrl_inst|ps2_iobase:ps2_ctrl|parchecked'
Slack : -0.394
TNS   : -0.544

Type  : Slow 1100mV 0C Model Setup 'CLOCK_50'
Slack : -8.235
TNS   : -533.625

Type  : Slow 1100mV 0C Model Setup 'kbdex_ctrl:kbdex_ctrl_inst|ps2_iobase:ps2_ctrl|sigtrigger'
Slack : -3.864
TNS   : -49.124

Type  : Slow 1100mV 0C Model Setup 'kbdex_ctrl:kbdex_ctrl_inst|sigsend'
Slack : -3.445
TNS   : -3.445

Type  : Slow 1100mV 0C Model Setup 'kbdex_ctrl:kbdex_ctrl_inst|key0code[0]'
Slack : -0.918
TNS   : -1.833

Type  : Slow 1100mV 0C Model Hold 'CLOCK_50'
Slack : -0.289
TNS   : -1.041

Type  : Slow 1100mV 0C Model Hold 'kbdex_ctrl:kbdex_ctrl_inst|ps2_iobase:ps2_ctrl|sigtrigger'
Slack : 0.367
TNS   : 0.000

Type  : Slow 1100mV 0C Model Hold 'kbdex_ctrl:kbdex_ctrl_inst|key0code[0]'
Slack : 0.842
TNS   : 0.000

Type  : Slow 1100mV 0C Model Hold 'kbdex_ctrl:kbdex_ctrl_inst|sigsend'
Slack : 2.843
TNS   : 0.000

Type  : Slow 1100mV 0C Model Recovery 'CLOCK_50'
Slack : -5.314
TNS   : -254.352

Type  : Slow 1100mV 0C Model Recovery 'kbdex_ctrl:kbdex_ctrl_inst|sigsend'
Slack : -4.965
TNS   : -9.930

Type  : Slow 1100mV 0C Model Recovery 'kbdex_ctrl:kbdex_ctrl_inst|ps2_iobase:ps2_ctrl|sigtrigger'
Slack : -3.564
TNS   : -50.144

Type  : Slow 1100mV 0C Model Recovery 'kbdex_ctrl:kbdex_ctrl_inst|ps2_iobase:ps2_ctrl|parchecked'
Slack : -3.525
TNS   : -3.525

Type  : Slow 1100mV 0C Model Removal 'CLOCK_50'
Slack : 0.109
TNS   : 0.000

Type  : Slow 1100mV 0C Model Removal 'kbdex_ctrl:kbdex_ctrl_inst|ps2_iobase:ps2_ctrl|sigtrigger'
Slack : 0.567
TNS   : 0.000

Type  : Slow 1100mV 0C Model Removal 'kbdex_ctrl:kbdex_ctrl_inst|ps2_iobase:ps2_ctrl|parchecked'
Slack : 2.787
TNS   : 0.000

Type  : Slow 1100mV 0C Model Removal 'kbdex_ctrl:kbdex_ctrl_inst|sigsend'
Slack : 3.579
TNS   : 0.000

Type  : Slow 1100mV 0C Model Minimum Pulse Width 'CLOCK_50'
Slack : -0.500
TNS   : -89.886

Type  : Slow 1100mV 0C Model Minimum Pulse Width 'kbdex_ctrl:kbdex_ctrl_inst|ps2_iobase:ps2_ctrl|sigtrigger'
Slack : -0.394
TNS   : -14.737

Type  : Slow 1100mV 0C Model Minimum Pulse Width 'kbdex_ctrl:kbdex_ctrl_inst|key0code[0]'
Slack : -0.394
TNS   : -1.051

Type  : Slow 1100mV 0C Model Minimum Pulse Width 'kbdex_ctrl:kbdex_ctrl_inst|sigsend'
Slack : -0.394
TNS   : -1.020

Type  : Slow 1100mV 0C Model Minimum Pulse Width 'kbdex_ctrl:kbdex_ctrl_inst|ps2_iobase:ps2_ctrl|parchecked'
Slack : -0.394
TNS   : -0.535

Type  : Fast 1100mV 85C Model Setup 'CLOCK_50'
Slack : -4.666
TNS   : -291.511

Type  : Fast 1100mV 85C Model Setup 'kbdex_ctrl:kbdex_ctrl_inst|ps2_iobase:ps2_ctrl|sigtrigger'
Slack : -1.909
TNS   : -21.910

Type  : Fast 1100mV 85C Model Setup 'kbdex_ctrl:kbdex_ctrl_inst|sigsend'
Slack : -1.591
TNS   : -1.591

Type  : Fast 1100mV 85C Model Setup 'kbdex_ctrl:kbdex_ctrl_inst|key0code[0]'
Slack : -0.244
TNS   : -0.486

Type  : Fast 1100mV 85C Model Hold 'kbdex_ctrl:kbdex_ctrl_inst|ps2_iobase:ps2_ctrl|sigtrigger'
Slack : -0.093
TNS   : -0.455

Type  : Fast 1100mV 85C Model Hold 'CLOCK_50'
Slack : 0.098
TNS   : 0.000

Type  : Fast 1100mV 85C Model Hold 'kbdex_ctrl:kbdex_ctrl_inst|key0code[0]'
Slack : 0.469
TNS   : 0.000

Type  : Fast 1100mV 85C Model Hold 'kbdex_ctrl:kbdex_ctrl_inst|sigsend'
Slack : 1.371
TNS   : 0.000

Type  : Fast 1100mV 85C Model Recovery 'kbdex_ctrl:kbdex_ctrl_inst|sigsend'
Slack : -3.324
TNS   : -6.648

Type  : Fast 1100mV 85C Model Recovery 'CLOCK_50'
Slack : -3.198
TNS   : -169.340

Type  : Fast 1100mV 85C Model Recovery 'kbdex_ctrl:kbdex_ctrl_inst|ps2_iobase:ps2_ctrl|sigtrigger'
Slack : -2.415
TNS   : -27.163

Type  : Fast 1100mV 85C Model Recovery 'kbdex_ctrl:kbdex_ctrl_inst|ps2_iobase:ps2_ctrl|parchecked'
Slack : -1.588
TNS   : -1.588

Type  : Fast 1100mV 85C Model Removal 'kbdex_ctrl:kbdex_ctrl_inst|ps2_iobase:ps2_ctrl|sigtrigger'
Slack : 0.034
TNS   : 0.000

Type  : Fast 1100mV 85C Model Removal 'CLOCK_50'
Slack : 0.305
TNS   : 0.000

Type  : Fast 1100mV 85C Model Removal 'kbdex_ctrl:kbdex_ctrl_inst|ps2_iobase:ps2_ctrl|parchecked'
Slack : 1.297
TNS   : 0.000

Type  : Fast 1100mV 85C Model Removal 'kbdex_ctrl:kbdex_ctrl_inst|sigsend'
Slack : 2.206
TNS   : 0.000

Type  : Fast 1100mV 85C Model Minimum Pulse Width 'CLOCK_50'
Slack : -0.494
TNS   : -14.661

Type  : Fast 1100mV 85C Model Minimum Pulse Width 'kbdex_ctrl:kbdex_ctrl_inst|ps2_iobase:ps2_ctrl|sigtrigger'
Slack : -0.065
TNS   : -0.970

Type  : Fast 1100mV 85C Model Minimum Pulse Width 'kbdex_ctrl:kbdex_ctrl_inst|ps2_iobase:ps2_ctrl|parchecked'
Slack : 0.083
TNS   : 0.000

Type  : Fast 1100mV 85C Model Minimum Pulse Width 'kbdex_ctrl:kbdex_ctrl_inst|key0code[0]'
Slack : 0.137
TNS   : 0.000

Type  : Fast 1100mV 85C Model Minimum Pulse Width 'kbdex_ctrl:kbdex_ctrl_inst|sigsend'
Slack : 0.155
TNS   : 0.000

Type  : Fast 1100mV 0C Model Setup 'CLOCK_50'
Slack : -4.128
TNS   : -248.229

Type  : Fast 1100mV 0C Model Setup 'kbdex_ctrl:kbdex_ctrl_inst|ps2_iobase:ps2_ctrl|sigtrigger'
Slack : -1.853
TNS   : -20.161

Type  : Fast 1100mV 0C Model Setup 'kbdex_ctrl:kbdex_ctrl_inst|sigsend'
Slack : -1.569
TNS   : -1.569

Type  : Fast 1100mV 0C Model Setup 'kbdex_ctrl:kbdex_ctrl_inst|key0code[0]'
Slack : -0.179
TNS   : -0.357

Type  : Fast 1100mV 0C Model Hold 'kbdex_ctrl:kbdex_ctrl_inst|ps2_iobase:ps2_ctrl|sigtrigger'
Slack : -0.114
TNS   : -0.614

Type  : Fast 1100mV 0C Model Hold 'CLOCK_50'
Slack : -0.106
TNS   : -0.833

Type  : Fast 1100mV 0C Model Hold 'kbdex_ctrl:kbdex_ctrl_inst|key0code[0]'
Slack : 0.416
TNS   : 0.000

Type  : Fast 1100mV 0C Model Hold 'kbdex_ctrl:kbdex_ctrl_inst|sigsend'
Slack : 1.356
TNS   : 0.000

Type  : Fast 1100mV 0C Model Recovery 'kbdex_ctrl:kbdex_ctrl_inst|sigsend'
Slack : -2.831
TNS   : -5.662

Type  : Fast 1100mV 0C Model Recovery 'CLOCK_50'
Slack : -2.775
TNS   : -134.667

Type  : Fast 1100mV 0C Model Recovery 'kbdex_ctrl:kbdex_ctrl_inst|ps2_iobase:ps2_ctrl|sigtrigger'
Slack : -2.028
TNS   : -24.020

Type  : Fast 1100mV 0C Model Recovery 'kbdex_ctrl:kbdex_ctrl_inst|ps2_iobase:ps2_ctrl|parchecked'
Slack : -1.555
TNS   : -1.555

Type  : Fast 1100mV 0C Model Removal 'kbdex_ctrl:kbdex_ctrl_inst|ps2_iobase:ps2_ctrl|sigtrigger'
Slack : 0.008
TNS   : 0.000

Type  : Fast 1100mV 0C Model Removal 'CLOCK_50'
Slack : 0.012
TNS   : 0.000

Type  : Fast 1100mV 0C Model Removal 'kbdex_ctrl:kbdex_ctrl_inst|ps2_iobase:ps2_ctrl|parchecked'
Slack : 1.284
TNS   : 0.000

Type  : Fast 1100mV 0C Model Removal 'kbdex_ctrl:kbdex_ctrl_inst|sigsend'
Slack : 1.850
TNS   : 0.000

Type  : Fast 1100mV 0C Model Minimum Pulse Width 'CLOCK_50'
Slack : -0.480
TNS   : -14.406

Type  : Fast 1100mV 0C Model Minimum Pulse Width 'kbdex_ctrl:kbdex_ctrl_inst|ps2_iobase:ps2_ctrl|sigtrigger'
Slack : -0.027
TNS   : -0.349

Type  : Fast 1100mV 0C Model Minimum Pulse Width 'kbdex_ctrl:kbdex_ctrl_inst|ps2_iobase:ps2_ctrl|parchecked'
Slack : 0.105
TNS   : 0.000

Type  : Fast 1100mV 0C Model Minimum Pulse Width 'kbdex_ctrl:kbdex_ctrl_inst|key0code[0]'
Slack : 0.142
TNS   : 0.000

Type  : Fast 1100mV 0C Model Minimum Pulse Width 'kbdex_ctrl:kbdex_ctrl_inst|sigsend'
Slack : 0.159
TNS   : 0.000

------------------------------------------------------------
