------------------------------------------------------------
TimeQuest Timing Analyzer Summary
------------------------------------------------------------

Type  : Slow 1100mV 85C Model Setup 'CLOCK_50'
Slack : -95.008
TNS   : -5670.455

Type  : Slow 1100mV 85C Model Setup 'kbdex_ctrl:kbdex_ctrl_inst|ps2_iobase:ps2_ctrl|sigtrigger'
Slack : -3.937
TNS   : -52.209

Type  : Slow 1100mV 85C Model Setup 'kbdex_ctrl:kbdex_ctrl_inst|sigsend'
Slack : -2.875
TNS   : -2.875

Type  : Slow 1100mV 85C Model Setup 'kbdex_ctrl:kbdex_ctrl_inst|key0code[0]'
Slack : -0.772
TNS   : -0.772

Type  : Slow 1100mV 85C Model Setup 'vga|vga_controller|divider|vga_pll_inst|altera_pll_i|general[0].gpll~PLL_OUTPUT_COUNTER|divclk'
Slack : 21.350
TNS   : 0.000

Type  : Slow 1100mV 85C Model Hold 'CLOCK_50'
Slack : 0.240
TNS   : 0.000

Type  : Slow 1100mV 85C Model Hold 'vga|vga_controller|divider|vga_pll_inst|altera_pll_i|general[0].gpll~PLL_OUTPUT_COUNTER|divclk'
Slack : 0.312
TNS   : 0.000

Type  : Slow 1100mV 85C Model Hold 'kbdex_ctrl:kbdex_ctrl_inst|ps2_iobase:ps2_ctrl|sigtrigger'
Slack : 0.514
TNS   : 0.000

Type  : Slow 1100mV 85C Model Hold 'kbdex_ctrl:kbdex_ctrl_inst|key0code[0]'
Slack : 0.775
TNS   : 0.000

Type  : Slow 1100mV 85C Model Hold 'kbdex_ctrl:kbdex_ctrl_inst|sigsend'
Slack : 2.229
TNS   : 0.000

Type  : Slow 1100mV 85C Model Recovery 'kbdex_ctrl:kbdex_ctrl_inst|sigsend'
Slack : -5.173
TNS   : -10.345

Type  : Slow 1100mV 85C Model Recovery 'kbdex_ctrl:kbdex_ctrl_inst|ps2_iobase:ps2_ctrl|sigtrigger'
Slack : -3.690
TNS   : -46.427

Type  : Slow 1100mV 85C Model Recovery 'kbdex_ctrl:kbdex_ctrl_inst|ps2_iobase:ps2_ctrl|parchecked'
Slack : -3.482
TNS   : -3.482

Type  : Slow 1100mV 85C Model Recovery 'CLOCK_50'
Slack : -2.856
TNS   : -175.003

Type  : Slow 1100mV 85C Model Removal 'CLOCK_50'
Slack : 0.516
TNS   : 0.000

Type  : Slow 1100mV 85C Model Removal 'kbdex_ctrl:kbdex_ctrl_inst|ps2_iobase:ps2_ctrl|sigtrigger'
Slack : 0.659
TNS   : 0.000

Type  : Slow 1100mV 85C Model Removal 'kbdex_ctrl:kbdex_ctrl_inst|ps2_iobase:ps2_ctrl|parchecked'
Slack : 2.630
TNS   : 0.000

Type  : Slow 1100mV 85C Model Removal 'kbdex_ctrl:kbdex_ctrl_inst|sigsend'
Slack : 3.493
TNS   : 0.000

Type  : Slow 1100mV 85C Model Minimum Pulse Width 'kbdex_ctrl:kbdex_ctrl_inst|key0code[0]'
Slack : -0.422
TNS   : -0.816

Type  : Slow 1100mV 85C Model Minimum Pulse Width 'kbdex_ctrl:kbdex_ctrl_inst|ps2_iobase:ps2_ctrl|sigtrigger'
Slack : -0.394
TNS   : -12.303

Type  : Slow 1100mV 85C Model Minimum Pulse Width 'kbdex_ctrl:kbdex_ctrl_inst|sigsend'
Slack : -0.394
TNS   : -1.064

Type  : Slow 1100mV 85C Model Minimum Pulse Width 'kbdex_ctrl:kbdex_ctrl_inst|ps2_iobase:ps2_ctrl|parchecked'
Slack : -0.394
TNS   : -0.567

Type  : Slow 1100mV 85C Model Minimum Pulse Width 'vga|vga_controller|divider|vga_pll_inst|altera_pll_i|general[0].gpll~FRACTIONAL_PLL|vcoph[0]'
Slack : 0.325
TNS   : 0.000

Type  : Slow 1100mV 85C Model Minimum Pulse Width 'CLOCK_50'
Slack : 8.882
TNS   : 0.000

Type  : Slow 1100mV 85C Model Minimum Pulse Width 'vga|vga_controller|divider|vga_pll_inst|altera_pll_i|general[0].gpll~PLL_OUTPUT_COUNTER|divclk'
Slack : 18.634
TNS   : 0.000

Type  : Slow 1100mV 0C Model Setup 'CLOCK_50'
Slack : -97.142
TNS   : -5299.311

Type  : Slow 1100mV 0C Model Setup 'kbdex_ctrl:kbdex_ctrl_inst|ps2_iobase:ps2_ctrl|sigtrigger'
Slack : -3.998
TNS   : -52.390

Type  : Slow 1100mV 0C Model Setup 'kbdex_ctrl:kbdex_ctrl_inst|sigsend'
Slack : -3.013
TNS   : -3.013

Type  : Slow 1100mV 0C Model Setup 'kbdex_ctrl:kbdex_ctrl_inst|key0code[0]'
Slack : -0.770
TNS   : -0.770

Type  : Slow 1100mV 0C Model Setup 'vga|vga_controller|divider|vga_pll_inst|altera_pll_i|general[0].gpll~PLL_OUTPUT_COUNTER|divclk'
Slack : 20.879
TNS   : 0.000

Type  : Slow 1100mV 0C Model Hold 'CLOCK_50'
Slack : -0.103
TNS   : -0.177

Type  : Slow 1100mV 0C Model Hold 'vga|vga_controller|divider|vga_pll_inst|altera_pll_i|general[0].gpll~PLL_OUTPUT_COUNTER|divclk'
Slack : 0.299
TNS   : 0.000

Type  : Slow 1100mV 0C Model Hold 'kbdex_ctrl:kbdex_ctrl_inst|ps2_iobase:ps2_ctrl|sigtrigger'
Slack : 0.421
TNS   : 0.000

Type  : Slow 1100mV 0C Model Hold 'kbdex_ctrl:kbdex_ctrl_inst|key0code[0]'
Slack : 0.730
TNS   : 0.000

Type  : Slow 1100mV 0C Model Hold 'kbdex_ctrl:kbdex_ctrl_inst|sigsend'
Slack : 2.375
TNS   : 0.000

Type  : Slow 1100mV 0C Model Recovery 'kbdex_ctrl:kbdex_ctrl_inst|sigsend'
Slack : -4.930
TNS   : -9.859

Type  : Slow 1100mV 0C Model Recovery 'kbdex_ctrl:kbdex_ctrl_inst|ps2_iobase:ps2_ctrl|sigtrigger'
Slack : -3.721
TNS   : -45.161

Type  : Slow 1100mV 0C Model Recovery 'kbdex_ctrl:kbdex_ctrl_inst|ps2_iobase:ps2_ctrl|parchecked'
Slack : -3.609
TNS   : -3.609

Type  : Slow 1100mV 0C Model Recovery 'CLOCK_50'
Slack : -2.580
TNS   : -149.578

Type  : Slow 1100mV 0C Model Removal 'CLOCK_50'
Slack : 0.132
TNS   : 0.000

Type  : Slow 1100mV 0C Model Removal 'kbdex_ctrl:kbdex_ctrl_inst|ps2_iobase:ps2_ctrl|sigtrigger'
Slack : 0.551
TNS   : 0.000

Type  : Slow 1100mV 0C Model Removal 'kbdex_ctrl:kbdex_ctrl_inst|ps2_iobase:ps2_ctrl|parchecked'
Slack : 2.730
TNS   : 0.000

Type  : Slow 1100mV 0C Model Removal 'kbdex_ctrl:kbdex_ctrl_inst|sigsend'
Slack : 3.239
TNS   : 0.000

Type  : Slow 1100mV 0C Model Minimum Pulse Width 'kbdex_ctrl:kbdex_ctrl_inst|key0code[0]'
Slack : -0.501
TNS   : -0.895

Type  : Slow 1100mV 0C Model Minimum Pulse Width 'kbdex_ctrl:kbdex_ctrl_inst|ps2_iobase:ps2_ctrl|sigtrigger'
Slack : -0.394
TNS   : -12.161

Type  : Slow 1100mV 0C Model Minimum Pulse Width 'kbdex_ctrl:kbdex_ctrl_inst|sigsend'
Slack : -0.394
TNS   : -1.066

Type  : Slow 1100mV 0C Model Minimum Pulse Width 'kbdex_ctrl:kbdex_ctrl_inst|ps2_iobase:ps2_ctrl|parchecked'
Slack : -0.394
TNS   : -0.559

Type  : Slow 1100mV 0C Model Minimum Pulse Width 'vga|vga_controller|divider|vga_pll_inst|altera_pll_i|general[0].gpll~FRACTIONAL_PLL|vcoph[0]'
Slack : 0.325
TNS   : 0.000

Type  : Slow 1100mV 0C Model Minimum Pulse Width 'CLOCK_50'
Slack : 8.833
TNS   : 0.000

Type  : Slow 1100mV 0C Model Minimum Pulse Width 'vga|vga_controller|divider|vga_pll_inst|altera_pll_i|general[0].gpll~PLL_OUTPUT_COUNTER|divclk'
Slack : 18.611
TNS   : 0.000

Type  : Fast 1100mV 85C Model Setup 'CLOCK_50'
Slack : -45.536
TNS   : -1836.075

Type  : Fast 1100mV 85C Model Setup 'kbdex_ctrl:kbdex_ctrl_inst|ps2_iobase:ps2_ctrl|sigtrigger'
Slack : -1.935
TNS   : -23.841

Type  : Fast 1100mV 85C Model Setup 'kbdex_ctrl:kbdex_ctrl_inst|sigsend'
Slack : -1.350
TNS   : -1.350

Type  : Fast 1100mV 85C Model Setup 'kbdex_ctrl:kbdex_ctrl_inst|key0code[0]'
Slack : -0.175
TNS   : -0.175

Type  : Fast 1100mV 85C Model Setup 'vga|vga_controller|divider|vga_pll_inst|altera_pll_i|general[0].gpll~PLL_OUTPUT_COUNTER|divclk'
Slack : 30.073
TNS   : 0.000

Type  : Fast 1100mV 85C Model Hold 'CLOCK_50'
Slack : 0.010
TNS   : 0.000

Type  : Fast 1100mV 85C Model Hold 'kbdex_ctrl:kbdex_ctrl_inst|ps2_iobase:ps2_ctrl|sigtrigger'
Slack : 0.098
TNS   : 0.000

Type  : Fast 1100mV 85C Model Hold 'vga|vga_controller|divider|vga_pll_inst|altera_pll_i|general[0].gpll~PLL_OUTPUT_COUNTER|divclk'
Slack : 0.180
TNS   : 0.000

Type  : Fast 1100mV 85C Model Hold 'kbdex_ctrl:kbdex_ctrl_inst|key0code[0]'
Slack : 0.437
TNS   : 0.000

Type  : Fast 1100mV 85C Model Hold 'kbdex_ctrl:kbdex_ctrl_inst|sigsend'
Slack : 1.073
TNS   : 0.000

Type  : Fast 1100mV 85C Model Recovery 'kbdex_ctrl:kbdex_ctrl_inst|sigsend'
Slack : -3.364
TNS   : -6.728

Type  : Fast 1100mV 85C Model Recovery 'CLOCK_50'
Slack : -2.058
TNS   : -124.705

Type  : Fast 1100mV 85C Model Recovery 'kbdex_ctrl:kbdex_ctrl_inst|ps2_iobase:ps2_ctrl|sigtrigger'
Slack : -1.799
TNS   : -21.632

Type  : Fast 1100mV 85C Model Recovery 'kbdex_ctrl:kbdex_ctrl_inst|ps2_iobase:ps2_ctrl|parchecked'
Slack : -1.618
TNS   : -1.618

Type  : Fast 1100mV 85C Model Removal 'kbdex_ctrl:kbdex_ctrl_inst|ps2_iobase:ps2_ctrl|sigtrigger'
Slack : 0.154
TNS   : 0.000

Type  : Fast 1100mV 85C Model Removal 'CLOCK_50'
Slack : 0.283
TNS   : 0.000

Type  : Fast 1100mV 85C Model Removal 'kbdex_ctrl:kbdex_ctrl_inst|ps2_iobase:ps2_ctrl|parchecked'
Slack : 1.276
TNS   : 0.000

Type  : Fast 1100mV 85C Model Removal 'kbdex_ctrl:kbdex_ctrl_inst|sigsend'
Slack : 1.976
TNS   : 0.000

Type  : Fast 1100mV 85C Model Minimum Pulse Width 'kbdex_ctrl:kbdex_ctrl_inst|key0code[0]'
Slack : -0.125
TNS   : -0.125

Type  : Fast 1100mV 85C Model Minimum Pulse Width 'kbdex_ctrl:kbdex_ctrl_inst|ps2_iobase:ps2_ctrl|sigtrigger'
Slack : 0.045
TNS   : 0.000

Type  : Fast 1100mV 85C Model Minimum Pulse Width 'kbdex_ctrl:kbdex_ctrl_inst|ps2_iobase:ps2_ctrl|parchecked'
Slack : 0.051
TNS   : 0.000

Type  : Fast 1100mV 85C Model Minimum Pulse Width 'kbdex_ctrl:kbdex_ctrl_inst|sigsend'
Slack : 0.084
TNS   : 0.000

Type  : Fast 1100mV 85C Model Minimum Pulse Width 'vga|vga_controller|divider|vga_pll_inst|altera_pll_i|general[0].gpll~FRACTIONAL_PLL|vcoph[0]'
Slack : 0.325
TNS   : 0.000

Type  : Fast 1100mV 85C Model Minimum Pulse Width 'CLOCK_50'
Slack : 8.811
TNS   : 0.000

Type  : Fast 1100mV 85C Model Minimum Pulse Width 'vga|vga_controller|divider|vga_pll_inst|altera_pll_i|general[0].gpll~PLL_OUTPUT_COUNTER|divclk'
Slack : 18.745
TNS   : 0.000

Type  : Fast 1100mV 0C Model Setup 'CLOCK_50'
Slack : -41.246
TNS   : -1437.641

Type  : Fast 1100mV 0C Model Setup 'kbdex_ctrl:kbdex_ctrl_inst|ps2_iobase:ps2_ctrl|sigtrigger'
Slack : -1.868
TNS   : -21.871

Type  : Fast 1100mV 0C Model Setup 'kbdex_ctrl:kbdex_ctrl_inst|sigsend'
Slack : -1.345
TNS   : -1.345

Type  : Fast 1100mV 0C Model Setup 'kbdex_ctrl:kbdex_ctrl_inst|key0code[0]'
Slack : -0.124
TNS   : -0.124

Type  : Fast 1100mV 0C Model Setup 'vga|vga_controller|divider|vga_pll_inst|altera_pll_i|general[0].gpll~PLL_OUTPUT_COUNTER|divclk'
Slack : 30.637
TNS   : 0.000

Type  : Fast 1100mV 0C Model Hold 'CLOCK_50'
Slack : -0.119
TNS   : -0.275

Type  : Fast 1100mV 0C Model Hold 'kbdex_ctrl:kbdex_ctrl_inst|ps2_iobase:ps2_ctrl|sigtrigger'
Slack : 0.010
TNS   : 0.000

Type  : Fast 1100mV 0C Model Hold 'vga|vga_controller|divider|vga_pll_inst|altera_pll_i|general[0].gpll~PLL_OUTPUT_COUNTER|divclk'
Slack : 0.166
TNS   : 0.000

Type  : Fast 1100mV 0C Model Hold 'kbdex_ctrl:kbdex_ctrl_inst|key0code[0]'
Slack : 0.387
TNS   : 0.000

Type  : Fast 1100mV 0C Model Hold 'kbdex_ctrl:kbdex_ctrl_inst|sigsend'
Slack : 1.085
TNS   : 0.000

Type  : Fast 1100mV 0C Model Recovery 'kbdex_ctrl:kbdex_ctrl_inst|sigsend'
Slack : -2.878
TNS   : -5.756

Type  : Fast 1100mV 0C Model Recovery 'kbdex_ctrl:kbdex_ctrl_inst|ps2_iobase:ps2_ctrl|sigtrigger'
Slack : -1.724
TNS   : -19.148

Type  : Fast 1100mV 0C Model Recovery 'CLOCK_50'
Slack : -1.611
TNS   : -93.361

Type  : Fast 1100mV 0C Model Recovery 'kbdex_ctrl:kbdex_ctrl_inst|ps2_iobase:ps2_ctrl|parchecked'
Slack : -1.591
TNS   : -1.591

Type  : Fast 1100mV 0C Model Removal 'CLOCK_50'
Slack : 0.053
TNS   : 0.000

Type  : Fast 1100mV 0C Model Removal 'kbdex_ctrl:kbdex_ctrl_inst|ps2_iobase:ps2_ctrl|sigtrigger'
Slack : 0.080
TNS   : 0.000

Type  : Fast 1100mV 0C Model Removal 'kbdex_ctrl:kbdex_ctrl_inst|ps2_iobase:ps2_ctrl|parchecked'
Slack : 1.262
TNS   : 0.000

Type  : Fast 1100mV 0C Model Removal 'kbdex_ctrl:kbdex_ctrl_inst|sigsend'
Slack : 1.689
TNS   : 0.000

Type  : Fast 1100mV 0C Model Minimum Pulse Width 'kbdex_ctrl:kbdex_ctrl_inst|key0code[0]'
Slack : -0.102
TNS   : -0.102

Type  : Fast 1100mV 0C Model Minimum Pulse Width 'kbdex_ctrl:kbdex_ctrl_inst|ps2_iobase:ps2_ctrl|sigtrigger'
Slack : 0.070
TNS   : 0.000

Type  : Fast 1100mV 0C Model Minimum Pulse Width 'kbdex_ctrl:kbdex_ctrl_inst|ps2_iobase:ps2_ctrl|parchecked'
Slack : 0.076
TNS   : 0.000

Type  : Fast 1100mV 0C Model Minimum Pulse Width 'kbdex_ctrl:kbdex_ctrl_inst|sigsend'
Slack : 0.096
TNS   : 0.000

Type  : Fast 1100mV 0C Model Minimum Pulse Width 'vga|vga_controller|divider|vga_pll_inst|altera_pll_i|general[0].gpll~FRACTIONAL_PLL|vcoph[0]'
Slack : 0.325
TNS   : 0.000

Type  : Fast 1100mV 0C Model Minimum Pulse Width 'CLOCK_50'
Slack : 8.802
TNS   : 0.000

Type  : Fast 1100mV 0C Model Minimum Pulse Width 'vga|vga_controller|divider|vga_pll_inst|altera_pll_i|general[0].gpll~PLL_OUTPUT_COUNTER|divclk'
Slack : 18.745
TNS   : 0.000

------------------------------------------------------------
